2026-09-14T14:41:48.531543+00:00 inicio: 604 peticiones en total, 604 pendientes, max 10.0 h, dry_run=True
2026-09-14T14:44:50.555093+00:00 inicio: 604 peticiones en total, 604 pendientes, max 10.0 h, dry_run=False
2026-09-14T14:47:51.854039+00:00 TRANSITORIO 2026-04-02T0000_ecmwf_ifs025 intento 1: status=None error=TimeoutError: The read operation timed out (181.3 s); fallos seguidos=1; espera 26 s
2026-09-14T14:51:18.150407+00:00 TRANSITORIO 2026-04-02T0000_ecmwf_ifs025 intento 2: status=None error=TimeoutError: The read operation timed out (180.3 s); fallos seguidos=2; espera 58 s
2026-09-14T14:55:16.391637+00:00 TRANSITORIO 2026-04-02T0000_ecmwf_ifs025 intento 3: status=None error=TimeoutError: The read operation timed out (180.3 s); fallos seguidos=3; espera 140 s
2026-09-14T15:00:39.244369+00:00 TRANSITORIO 2026-04-02T0000_ecmwf_ifs025 intento 4: status=None error=TimeoutError: The read operation timed out (183.3 s); fallos seguidos=4; espera 181 s
2026-09-14T15:07:14.623891+00:00 TRANSITORIO 2026-04-02T0000_ecmwf_ifs025 intento 5: status=None error=TimeoutError: The read operation timed out (214.3 s); fallos seguidos=5; espera 466 s
2026-09-14T15:15:01.062601+00:00 TRANSITORIO 2026-04-02T0000_ecmwf_ifs025 intento 6: status=502 error=HTTP 502 (0.5 s); fallos seguidos=6; espera 885 s
2026-09-14T15:29:56.322586+00:00 OK 2026-04-02T0000_ecmwf_ifs025 en 9.9 s (76004 bytes) [medición inicial 1/20]
2026-09-14T15:30:21.581690+00:00 OK 2026-04-02T0000_ecmwf_aifs025_single en 23.3 s (76226 bytes) [medición inicial 2/20]
2026-09-14T15:33:24.779643+00:00 inicio: 604 peticiones en total, 602 pendientes, max 10.0 h, dry_run=False
2026-09-14T15:33:31.320398+00:00 OK 2026-04-02T0600_ecmwf_ifs025 en 6.5 s (75851 bytes) [medición inicial 1/20]
2026-09-14T15:33:41.915572+00:00 OK 2026-04-02T0600_ecmwf_aifs025_single en 8.6 s (76026 bytes) [medición inicial 2/20]
2026-09-14T15:33:53.388107+00:00 OK 2026-04-03T0000_ecmwf_ifs025 en 9.5 s (75613 bytes) [medición inicial 3/20]
2026-09-14T15:34:02.778603+00:00 OK 2026-04-03T0000_ecmwf_aifs025_single en 7.4 s (75973 bytes) [medición inicial 4/20]
2026-09-14T15:34:10.316636+00:00 OK 2026-04-03T0600_ecmwf_ifs025 en 5.5 s (75624 bytes) [medición inicial 5/20]
2026-09-14T15:34:20.166673+00:00 OK 2026-04-03T0600_ecmwf_aifs025_single en 7.8 s (75913 bytes) [medición inicial 6/20]
2026-09-14T15:34:35.447985+00:00 OK 2026-04-04T0000_ecmwf_ifs025 en 13.3 s (75814 bytes) [medición inicial 7/20]
2026-09-14T15:34:43.129959+00:00 OK 2026-04-04T0000_ecmwf_aifs025_single en 5.7 s (76184 bytes) [medición inicial 8/20]
2026-09-14T15:34:50.541094+00:00 OK 2026-04-04T0600_ecmwf_ifs025 en 5.4 s (75949 bytes) [medición inicial 9/20]
2026-09-14T15:34:57.861353+00:00 OK 2026-04-04T0600_ecmwf_aifs025_single en 5.3 s (76175 bytes) [medición inicial 10/20]
2026-09-14T15:35:19.957830+00:00 inicio: 604 peticiones en total, 592 pendientes, max 60.0 h, dry_run=False
2026-09-14T15:35:26.220618+00:00 OK 2026-04-05T0000_ecmwf_ifs025 en 6.3 s (76583 bytes) [medición inicial 1/20]
2026-09-14T15:35:34.022058+00:00 OK 2026-04-05T0000_ecmwf_aifs025_single en 5.8 s (76663 bytes) [medición inicial 2/20]
2026-09-14T15:35:42.359149+00:00 OK 2026-04-05T0600_ecmwf_ifs025 en 6.3 s (76751 bytes) [medición inicial 3/20]
2026-09-14T15:35:55.425696+00:00 OK 2026-04-05T0600_ecmwf_aifs025_single en 11.1 s (76477 bytes) [medición inicial 4/20]
2026-09-14T15:36:04.568582+00:00 OK 2026-04-06T0000_ecmwf_ifs025 en 7.1 s (77027 bytes) [medición inicial 5/20]
2026-09-14T15:36:15.576276+00:00 OK 2026-04-06T0000_ecmwf_aifs025_single en 9.0 s (76914 bytes) [medición inicial 6/20]
2026-09-14T15:36:22.849607+00:00 OK 2026-04-06T0600_ecmwf_ifs025 en 5.3 s (77220 bytes) [medición inicial 7/20]
2026-09-14T15:36:30.139227+00:00 OK 2026-04-06T0600_ecmwf_aifs025_single en 5.3 s (76802 bytes) [medición inicial 8/20]
2026-09-14T15:36:44.735788+00:00 OK 2026-04-07T0000_ecmwf_ifs025 en 12.6 s (77124 bytes) [medición inicial 9/20]
2026-09-14T15:36:54.121021+00:00 OK 2026-04-07T0000_ecmwf_aifs025_single en 7.4 s (77116 bytes) [medición inicial 10/20]
2026-09-14T15:37:24.344504+00:00 OK 2026-04-07T0600_ecmwf_ifs025 en 28.2 s (76974 bytes) [medición inicial 11/20]
2026-09-14T15:37:31.668810+00:00 OK 2026-04-07T0600_ecmwf_aifs025_single en 5.3 s (76888 bytes) [medición inicial 12/20]
2026-09-14T15:37:41.151456+00:00 OK 2026-04-08T0000_ecmwf_ifs025 en 7.5 s (76679 bytes) [medición inicial 13/20]
2026-09-14T15:37:49.053652+00:00 OK 2026-04-08T0000_ecmwf_aifs025_single en 5.9 s (76949 bytes) [medición inicial 14/20]
2026-09-14T15:38:19.685977+00:00 TRANSITORIO 2026-04-08T0600_ecmwf_ifs025 intento 1: status=None error=IncompleteRead: IncompleteRead(6175 bytes read) (28.6 s); fallos seguidos=1; espera 23 s
2026-09-14T15:38:49.587194+00:00 TRANSITORIO 2026-04-08T0600_ecmwf_ifs025 intento 2: status=502 error=HTTP 502 (7.2 s); fallos seguidos=2; espera 49 s
2026-09-14T15:39:42.842509+00:00 OK 2026-04-08T0600_ecmwf_ifs025 en 4.0 s (76620 bytes) [medición inicial 15/20]
2026-09-14T15:39:49.463651+00:00 OK 2026-04-08T0600_ecmwf_aifs025_single en 4.6 s (76715 bytes) [medición inicial 16/20]
2026-09-14T15:39:57.948298+00:00 OK 2026-04-09T0000_ecmwf_ifs025 en 6.5 s (77181 bytes) [medición inicial 17/20]
2026-09-14T15:40:05.230099+00:00 OK 2026-04-09T0000_ecmwf_aifs025_single en 5.3 s (77074 bytes) [medición inicial 18/20]
2026-09-14T15:40:13.115560+00:00 OK 2026-04-09T0600_ecmwf_ifs025 en 5.9 s (77126 bytes) [medición inicial 19/20]
2026-09-14T15:40:20.745858+00:00 OK 2026-04-09T0600_ecmwf_aifs025_single en 5.6 s (76899 bytes) [medición inicial 20/20]
2026-09-14T15:43:04.734264+00:00 OK 2026-04-14T0600_ecmwf_aifs025_single en 5.6 s; completadas en esta sesión 40
2026-09-14T15:45:16.349328+00:00 OK 2026-04-19T0600_ecmwf_aifs025_single en 2.5 s; completadas en esta sesión 60
2026-09-14T15:46:59.946301+00:00 OK 2026-04-24T0600_ecmwf_aifs025_single en 1.8 s; completadas en esta sesión 80
2026-09-14T15:48:33.401522+00:00 OK 2026-04-29T0600_ecmwf_aifs025_single en 2.4 s; completadas en esta sesión 100
2026-09-14T16:00:10.089835+00:00 TRANSITORIO 2026-05-01T0000_ecmwf_aifs025_single intento 1: status=None error=TimeoutError: The read operation timed out (180.3 s); fallos seguidos=1; espera 34 s
2026-09-14T16:00:43.957157+00:00 TRANSITORIO 2026-05-01T0000_ecmwf_aifs025_single intento 2: status=None error=URLError: <urlopen error [Errno 11001] getaddrinfo failed> (0.0 s); fallos seguidos=2; espera 48 s
2026-09-14T16:01:52.765660+00:00 TRANSITORIO 2026-05-01T0000_ecmwf_aifs025_single intento 3: status=None error=URLError: <urlopen error [WinError 10060] Se produjo un error durante el intento de conexión ya que la parte conectada no respondió adecuadamente tras un periodo de tiempo, o bien se produjo un error en la conexión establecida ya que el host conectado no ha podido responder> (21.1 s); fallos seguidos=3; espera 93 s
2026-09-14T16:03:47.760030+00:00 TRANSITORIO 2026-05-01T0000_ecmwf_aifs025_single intento 4: status=None error=URLError: <urlopen error [WinError 10060] Se produjo un error durante el intento de conexión ya que la parte conectada no respondió adecuadamente tras un periodo de tiempo, o bien se produjo un error en la conexión establecida ya que el host conectado no ha podido responder> (21.8 s); fallos seguidos=4; espera 227 s
2026-09-14T16:07:56.066075+00:00 TRANSITORIO 2026-05-01T0000_ecmwf_aifs025_single intento 5: status=None error=URLError: <urlopen error [WinError 10060] Se produjo un error durante el intento de conexión ya que la parte conectada no respondió adecuadamente tras un periodo de tiempo, o bien se produjo un error en la conexión establecida ya que el host conectado no ha podido responder> (21.0 s); fallos seguidos=5; espera 460 s
2026-09-14T16:15:57.453454+00:00 TRANSITORIO 2026-05-01T0000_ecmwf_aifs025_single intento 6: status=None error=URLError: <urlopen error [WinError 10060] Se produjo un error durante el intento de conexión ya que la parte conectada no respondió adecuadamente tras un periodo de tiempo, o bien se produjo un error en la conexión establecida ya que el host conectado no ha podido responder> (21.2 s); fallos seguidos=6; espera 970 s
2026-09-14T16:32:28.625843+00:00 TRANSITORIO 2026-05-01T0000_ecmwf_aifs025_single intento 7: status=None error=URLError: <urlopen error [WinError 10060] Se produjo un error durante el intento de conexión ya que la parte conectada no respondió adecuadamente tras un periodo de tiempo, o bien se produjo un error en la conexión establecida ya que el host conectado no ha podido responder> (21.2 s); fallos seguidos=7; espera 1604 s
2026-09-15T09:35:52.574158+00:00 inicio: 604 peticiones en total, 487 pendientes, max 60.0 h, dry_run=False
2026-09-15T09:35:53.753285+00:00 OK 2026-05-01T0000_ecmwf_aifs025_single en 1.2 s (77477 bytes) [medición inicial 1/20]
2026-09-15T09:35:56.160364+00:00 OK 2026-05-01T0600_ecmwf_ifs025 en 0.4 s (77950 bytes) [medición inicial 2/20]
2026-09-15T09:35:58.551563+00:00 OK 2026-05-01T0600_ecmwf_aifs025_single en 0.4 s (77247 bytes) [medición inicial 3/20]
2026-09-15T09:36:01.438175+00:00 OK 2026-05-02T0000_ecmwf_ifs025 en 0.9 s (77747 bytes) [medición inicial 4/20]
2026-09-15T09:36:04.356584+00:00 OK 2026-05-02T0000_ecmwf_aifs025_single en 0.9 s (77504 bytes) [medición inicial 5/20]
2026-09-15T09:36:06.934738+00:00 OK 2026-05-02T0600_ecmwf_ifs025 en 0.6 s (77517 bytes) [medición inicial 6/20]
2026-09-15T09:36:09.280851+00:00 OK 2026-05-02T0600_ecmwf_aifs025_single en 0.3 s (77197 bytes) [medición inicial 7/20]
2026-09-15T09:36:11.870542+00:00 OK 2026-05-03T0000_ecmwf_ifs025 en 0.6 s (77177 bytes) [medición inicial 8/20]
2026-09-15T09:36:14.551018+00:00 OK 2026-05-03T0000_ecmwf_aifs025_single en 0.7 s (77322 bytes) [medición inicial 9/20]
2026-09-15T09:36:17.096178+00:00 OK 2026-05-03T0600_ecmwf_ifs025 en 0.5 s (76869 bytes) [medición inicial 10/20]
2026-09-15T09:36:19.451250+00:00 OK 2026-05-03T0600_ecmwf_aifs025_single en 0.4 s (76996 bytes) [medición inicial 11/20]
2026-09-15T09:36:21.901873+00:00 OK 2026-05-04T0000_ecmwf_ifs025 en 0.4 s (76868 bytes) [medición inicial 12/20]
2026-09-15T09:36:24.620756+00:00 OK 2026-05-04T0000_ecmwf_aifs025_single en 0.7 s (77166 bytes) [medición inicial 13/20]
2026-09-15T09:36:27.074631+00:00 OK 2026-05-04T0600_ecmwf_ifs025 en 0.5 s (76786 bytes) [medición inicial 14/20]
2026-09-15T09:36:29.483804+00:00 OK 2026-05-04T0600_ecmwf_aifs025_single en 0.4 s (76938 bytes) [medición inicial 15/20]
2026-09-15T09:36:31.942636+00:00 OK 2026-05-05T0000_ecmwf_ifs025 en 0.5 s (77091 bytes) [medición inicial 16/20]
2026-09-15T09:36:33.943675+00:00 cuota: espera 21 s
2026-09-15T09:36:55.432225+00:00 OK 2026-05-05T0000_ecmwf_aifs025_single en 0.7 s (77247 bytes) [medición inicial 17/20]
2026-09-15T09:36:57.921261+00:00 OK 2026-05-05T0600_ecmwf_ifs025 en 0.5 s (77191 bytes) [medición inicial 18/20]
2026-09-15T09:37:00.385932+00:00 OK 2026-05-05T0600_ecmwf_aifs025_single en 0.5 s (77089 bytes) [medición inicial 19/20]
2026-09-15T09:37:02.875774+00:00 OK 2026-05-06T0000_ecmwf_ifs025 en 0.5 s (77431 bytes) [medición inicial 20/20]
2026-09-15T09:37:35.988014+00:00 cuota: espera 20 s
2026-09-15T09:38:15.444434+00:00 OK 2026-05-11T0000_ecmwf_ifs025 en 0.5 s; completadas en esta sesión 40
2026-09-15T09:38:30.314478+00:00 TRANSITORIO 2026-05-12T0600_ecmwf_ifs025 intento 1: status=200 error=respuesta 200 con estructura inválida: JSON inválido o truncado (JSONDecodeError: Expecting value: line 1 column 1 (char 0); 156 bytes) (0.2 s); fallos seguidos=1; espera 32 s
2026-09-15T09:39:02.933686+00:00 TRANSITORIO 2026-05-12T0600_ecmwf_ifs025 intento 2: status=200 error=respuesta 200 con estructura inválida: JSON inválido o truncado (JSONDecodeError: Expecting value: line 1 column 1 (char 0); 156 bytes) (0.2 s); fallos seguidos=2; espera 58 s
2026-09-15T09:40:00.795791+00:00 TRANSITORIO 2026-05-12T0600_ecmwf_ifs025 intento 3: status=200 error=respuesta 200 con estructura inválida: JSON inválido o truncado (JSONDecodeError: Expecting value: line 1 column 1 (char 0); 156 bytes) (0.2 s); fallos seguidos=3; espera 118 s
2026-09-15T09:41:59.453553+00:00 TRANSITORIO 2026-05-12T0600_ecmwf_ifs025 intento 4: status=200 error=respuesta 200 con estructura inválida: JSON inválido o truncado (JSONDecodeError: Expecting value: line 1 column 1 (char 0); 156 bytes) (0.2 s); fallos seguidos=4; espera 247 s
2026-09-15T09:46:06.997280+00:00 TRANSITORIO 2026-05-12T0600_ecmwf_ifs025 intento 5: status=200 error=respuesta 200 con estructura inválida: JSON inválido o truncado (JSONDecodeError: Expecting value: line 1 column 1 (char 0); 156 bytes) (0.2 s); fallos seguidos=5; espera 534 s
2026-09-15T09:55:01.458109+00:00 TRANSITORIO 2026-05-12T0600_ecmwf_ifs025 intento 6: status=200 error=respuesta 200 con estructura inválida: JSON inválido o truncado (JSONDecodeError: Expecting value: line 1 column 1 (char 0); 156 bytes) (0.2 s); fallos seguidos=6; espera 824 s
2026-09-15T10:08:45.914820+00:00 TRANSITORIO 2026-05-12T0600_ecmwf_ifs025 intento 7: status=200 error=respuesta 200 con estructura inválida: JSON inválido o truncado (JSONDecodeError: Expecting value: line 1 column 1 (char 0); 156 bytes) (0.2 s); fallos seguidos=7; espera 2032 s
2026-09-15T10:42:37.526536+00:00 TRANSITORIO 2026-05-12T0600_ecmwf_ifs025 intento 8: status=200 error=respuesta 200 con estructura inválida: JSON inválido o truncado (JSONDecodeError: Expecting value: line 1 column 1 (char 0); 156 bytes) (0.2 s); fallos seguidos=8; espera 1592 s
2026-09-15T11:09:09.795360+00:00 TRANSITORIO 2026-05-12T0600_ecmwf_ifs025 intento 9: status=200 error=respuesta 200 con estructura inválida: JSON inválido o truncado (JSONDecodeError: Expecting value: line 1 column 1 (char 0); 156 bytes) (0.2 s); fallos seguidos=9; espera 1922 s
2026-09-15T11:41:12.399583+00:00 TRANSITORIO 2026-05-12T0600_ecmwf_ifs025 intento 10: status=200 error=respuesta 200 con estructura inválida: JSON inválido o truncado (JSONDecodeError: Expecting value: line 1 column 1 (char 0); 156 bytes) (0.2 s); fallos seguidos=10; espera 2165 s
2026-09-15T12:17:17.893837+00:00 TRANSITORIO 2026-05-12T0600_ecmwf_ifs025 intento 11: status=200 error=respuesta 200 con estructura inválida: JSON inválido o truncado (JSONDecodeError: Expecting value: line 1 column 1 (char 0); 156 bytes) (0.2 s); fallos seguidos=11; espera 1886 s
2026-09-15T12:48:44.285231+00:00 TRANSITORIO 2026-05-12T0600_ecmwf_ifs025 intento 12: status=200 error=respuesta 200 con estructura inválida: JSON inválido o truncado (JSONDecodeError: Expecting value: line 1 column 1 (char 0); 156 bytes) (0.2 s); fallos seguidos=12; espera 1799 s
2026-09-15T12:54:37.152079+00:00 inicio: 604 peticiones en total, 442 pendientes, max 60.0 h, dry_run=False
2026-09-15T12:54:37.377641+00:00 UNAVAILABLE 2026-05-12T0600_ecmwf_ifs025: b'Unexpected error while streaming data: modelRunUnavailable(model: App.DomainRegistry.ecmwf_ifs025, run: OmTime.Timestamp(timeIntervalSince1970: 1778565600))'
2026-09-15T12:54:39.681352+00:00 OK 2026-05-12T0600_ecmwf_aifs025_single en 0.3 s (76757 bytes) [medición inicial 1/20]
2026-09-15T12:54:42.075227+00:00 OK 2026-05-13T0000_ecmwf_ifs025 en 0.4 s (76775 bytes) [medición inicial 2/20]
2026-09-15T12:54:45.140397+00:00 OK 2026-05-13T0000_ecmwf_aifs025_single en 1.1 s (77122 bytes) [medición inicial 3/20]
2026-09-15T12:54:47.502736+00:00 OK 2026-05-13T0600_ecmwf_ifs025 en 0.4 s (76584 bytes) [medición inicial 4/20]
2026-09-15T12:54:49.801909+00:00 OK 2026-05-13T0600_ecmwf_aifs025_single en 0.3 s (76805 bytes) [medición inicial 5/20]
2026-09-15T12:54:52.206350+00:00 OK 2026-05-14T0000_ecmwf_ifs025 en 0.4 s (76557 bytes) [medición inicial 6/20]
2026-09-15T12:54:55.606216+00:00 OK 2026-05-14T0000_ecmwf_aifs025_single en 1.4 s (76977 bytes) [medición inicial 7/20]
2026-09-15T12:54:58.054839+00:00 OK 2026-05-14T0600_ecmwf_ifs025 en 0.4 s (76495 bytes) [medición inicial 8/20]
2026-09-15T12:55:00.577190+00:00 OK 2026-05-14T0600_ecmwf_aifs025_single en 0.5 s (76784 bytes) [medición inicial 9/20]
2026-09-15T12:55:02.977773+00:00 OK 2026-05-15T0000_ecmwf_ifs025 en 0.4 s (76759 bytes) [medición inicial 10/20]
2026-09-15T12:55:05.549115+00:00 OK 2026-05-15T0000_ecmwf_aifs025_single en 0.6 s (77039 bytes) [medición inicial 11/20]
2026-09-15T12:55:07.945002+00:00 OK 2026-05-15T0600_ecmwf_ifs025 en 0.4 s (76615 bytes) [medición inicial 12/20]
2026-09-15T12:55:10.278131+00:00 OK 2026-05-15T0600_ecmwf_aifs025_single en 0.3 s (76811 bytes) [medición inicial 13/20]
2026-09-15T12:55:12.720226+00:00 OK 2026-05-16T0000_ecmwf_ifs025 en 0.4 s (76831 bytes) [medición inicial 14/20]
2026-09-15T12:55:15.361508+00:00 OK 2026-05-16T0000_ecmwf_aifs025_single en 0.6 s (77140 bytes) [medición inicial 15/20]
2026-09-15T12:55:17.748971+00:00 OK 2026-05-16T0600_ecmwf_ifs025 en 0.4 s (76984 bytes) [medición inicial 16/20]
2026-09-15T12:55:19.750393+00:00 cuota: espera 21 s
2026-09-15T12:55:41.035829+00:00 OK 2026-05-16T0600_ecmwf_aifs025_single en 0.4 s (77029 bytes) [medición inicial 17/20]
2026-09-15T12:55:43.388578+00:00 OK 2026-05-17T0000_ecmwf_ifs025 en 0.3 s (77039 bytes) [medición inicial 18/20]
2026-09-15T12:55:45.854558+00:00 OK 2026-05-17T0000_ecmwf_aifs025_single en 0.5 s (77355 bytes) [medición inicial 19/20]
2026-09-15T12:55:48.221779+00:00 OK 2026-05-17T0600_ecmwf_ifs025 en 0.4 s (76952 bytes) [medición inicial 20/20]
2026-09-15T12:55:54.910857+00:00 cuota: espera 2 s
2026-09-15T12:56:20.791653+00:00 cuota: espera 21 s
2026-09-15T12:56:56.322818+00:00 cuota: espera 2 s
2026-09-15T12:57:01.159466+00:00 OK 2026-05-22T0600_ecmwf_ifs025 en 0.5 s; completadas en esta sesión 40
2026-09-15T12:57:23.573685+00:00 cuota: espera 20 s
2026-09-15T12:57:57.653016+00:00 cuota: espera 2 s
2026-09-15T12:58:12.288521+00:00 OK 2026-05-27T0600_ecmwf_ifs025 en 0.4 s; completadas en esta sesión 60
2026-09-15T12:58:16.583668+00:00 cuota: espera 1 s
2026-09-15T12:58:24.856985+00:00 cuota: espera 20 s
2026-09-15T12:58:59.281371+00:00 cuota: espera 2 s
2026-09-15T12:59:23.600069+00:00 OK 2026-06-01T0600_ecmwf_ifs025 en 0.4 s; completadas en esta sesión 80
2026-09-15T12:59:25.604273+00:00 cuota: espera 20 s
2026-09-15T13:00:00.926926+00:00 cuota: espera 2 s
2026-09-15T13:00:28.387573+00:00 cuota: espera 19 s
2026-09-15T13:00:55.300564+00:00 OK 2026-06-06T0600_ecmwf_ifs025 en 0.4 s; completadas en esta sesión 100
2026-09-15T13:01:02.816736+00:00 cuota: espera 2 s
2026-09-15T13:01:30.354787+00:00 cuota: espera 18 s
2026-09-15T13:02:01.057479+00:00 cuota: espera 8876 s
2026-09-15T14:02:01.043106+00:00 cuota: espera 5276 s
2026-09-15T15:02:01.091392+00:00 cuota: espera 1676 s
2026-09-15T15:29:57.533934+00:00 UNAVAILABLE 2026-06-11T0000_ecmwf_ifs025: b'Unexpected error while streaming data: modelRunUnavailable(model: App.DomainRegistry.ecmwf_ifs025, run: OmTime.Timestamp(timeIntervalSince1970: 1781136000))'
2026-09-15T15:29:59.697616+00:00 UNAVAILABLE 2026-06-11T0000_ecmwf_aifs025_single: b'Unexpected error while streaming data: modelRunUnavailable(model: App.DomainRegistry.ecmwf_aifs025_single, run: OmTime.Timestamp(timeIntervalSince1970: 17811360'
2026-09-15T15:30:04.066705+00:00 cuota: espera 19 s
2026-09-15T15:30:24.881683+00:00 cuota: espera 187 s
2026-09-15T15:33:32.705648+00:00 OK 2026-06-12T0000_ecmwf_ifs025 en 0.4 s; completadas en esta sesión 120
2026-09-15T15:33:34.710104+00:00 cuota: espera 8 s
2026-09-15T15:33:45.326218+00:00 cuota: espera 9 s
2026-09-15T15:33:56.818666+00:00 cuota: espera 7 s
2026-09-15T15:34:06.098722+00:00 cuota: espera 5 s
2026-09-15T15:34:13.683980+00:00 cuota: espera 7 s
2026-09-15T15:34:23.539821+00:00 cuota: espera 13 s
2026-09-15T15:34:38.921591+00:00 cuota: espera 5 s
2026-09-15T15:34:46.421698+00:00 cuota: espera 5 s
2026-09-15T15:34:53.940200+00:00 cuota: espera 5 s
2026-09-15T15:35:01.298322+00:00 cuota: espera 26 s
2026-09-15T15:35:29.634606+00:00 cuota: espera 5 s
2026-09-15T15:35:37.374436+00:00 cuota: espera 6 s
2026-09-15T15:35:45.943288+00:00 cuota: espera 10 s
2026-09-15T15:35:58.875407+00:00 cuota: espera 7 s
2026-09-15T15:36:08.068002+00:00 cuota: espera 9 s
2026-09-15T15:36:18.923837+00:00 cuota: espera 5 s
2026-09-15T15:36:26.261452+00:00 cuota: espera 5 s
2026-09-15T15:36:33.494616+00:00 cuota: espera 12 s
2026-09-15T15:36:48.053340+00:00 cuota: espera 7 s
2026-09-15T15:36:57.410528+00:00 cuota: espera 28 s
2026-09-15T15:37:25.762895+00:00 OK 2026-06-17T0000_ecmwf_ifs025 en 0.4 s; completadas en esta sesión 140
2026-09-15T15:37:27.765276+00:00 cuota: espera 5 s
2026-09-15T15:37:35.249046+00:00 cuota: espera 7 s
2026-09-15T15:37:44.552523+00:00 cuota: espera 6 s
2026-09-15T15:37:52.369362+00:00 cuota: espera 111 s
2026-09-15T15:39:46.331906+00:00 cuota: espera 4 s
2026-09-15T15:39:53.029112+00:00 cuota: espera 6 s
2026-09-15T15:40:21.673295+00:00 TRANSITORIO 2026-06-18T0600_ecmwf_ifs025 intento 1: status=502 error=HTTP 502 (22.7 s); fallos seguidos=1; espera 25 s
2026-09-15T15:41:11.560051+00:00 cuota: espera 6 s
2026-09-15T15:41:20.395671+00:00 cuota: espera 5 s
2026-09-15T15:41:27.941752+00:00 cuota: espera 10 s
2026-09-15T15:41:40.765344+00:00 cuota: espera 5 s
2026-09-15T15:41:47.784519+00:00 cuota: espera 6 s
2026-09-15T15:41:53.929348+00:00 OK 2026-06-22T0000_ecmwf_ifs025 en 0.4 s; completadas en esta sesión 160
2026-09-15T15:41:55.931393+00:00 cuota: espera 6 s
2026-09-15T15:42:04.109544+00:00 cuota: espera 9 s
2026-09-15T15:42:13.085301+00:00 UNAVAILABLE 2026-06-22T0600_ecmwf_ifs025: b'Unexpected error while streaming data: modelRunUnavailable(model: App.DomainRegistry.ecmwf_ifs025, run: OmTime.Timestamp(timeIntervalSince1970: 1782108000))'
2026-09-15T15:42:15.256244+00:00 UNAVAILABLE 2026-06-22T0600_ecmwf_aifs025_single: b'Unexpected error while streaming data: modelRunUnavailable(model: App.DomainRegistry.ecmwf_aifs025_single, run: OmTime.Timestamp(timeIntervalSince1970: 17821080'
2026-09-15T15:42:22.028995+00:00 cuota: espera 5 s
2026-09-15T15:42:30.173772+00:00 cuota: espera 4 s
2026-09-15T15:42:36.125341+00:00 cuota: espera 7 s
2026-09-15T15:42:45.496048+00:00 cuota: espera 4 s
2026-09-15T15:42:52.430376+00:00 cuota: espera 6 s
2026-09-15T15:43:00.461593+00:00 cuota: espera 5 s
2026-09-15T15:43:08.087270+00:00 cuota: espera 7 s
2026-09-15T15:43:17.058007+00:00 cuota: espera 4 s
2026-09-15T15:43:23.152261+00:00 cuota: espera 5 s
2026-09-15T15:43:30.951172+00:00 cuota: espera 10 s
2026-09-15T15:43:43.051422+00:00 cuota: espera 5 s
2026-09-15T15:43:50.416870+00:00 cuota: espera 3 s
2026-09-15T15:43:55.436296+00:00 cuota: espera 3 s
2026-09-15T15:44:00.822798+00:00 cuota: espera 4 s
2026-09-15T15:44:07.296644+00:00 cuota: espera 4 s
2026-09-15T15:44:13.286107+00:00 cuota: espera 3 s
2026-09-15T15:44:18.979115+00:00 cuota: espera 2 s
2026-09-15T15:44:21.440171+00:00 OK 2026-06-27T0600_ecmwf_ifs025 en 0.4 s; completadas en esta sesión 180
2026-09-15T15:44:23.442323+00:00 cuota: espera 2 s
2026-09-15T15:44:28.037249+00:00 cuota: espera 4 s
2026-09-15T15:44:34.269676+00:00 cuota: espera 4 s
2026-09-15T15:44:40.557727+00:00 cuota: espera 3 s
2026-09-15T15:44:46.064368+00:00 cuota: espera 4 s
2026-09-15T15:44:52.700554+00:00 cuota: espera 7 s
2026-09-15T15:45:01.645917+00:00 cuota: espera 6 s
2026-09-15T15:45:09.828685+00:00 cuota: espera 3 s
2026-09-15T15:45:15.215675+00:00 cuota: espera 2 s
2026-09-15T15:45:19.712712+00:00 cuota: espera 5 s
2026-09-15T15:45:26.831811+00:00 cuota: espera 3 s
2026-09-15T15:45:32.334656+00:00 cuota: espera 2 s
2026-09-15T15:45:37.228550+00:00 cuota: espera 4 s
2026-09-15T15:45:43.088320+00:00 cuota: espera 4 s
2026-09-15T15:45:49.390587+00:00 cuota: espera 3 s
2026-09-15T15:45:54.374285+00:00 cuota: espera 2 s
2026-09-15T15:45:58.743228+00:00 cuota: espera 2 s
2026-09-15T15:46:03.290331+00:00 cuota: espera 2 s
2026-09-15T15:46:07.743995+00:00 cuota: espera 4 s
2026-09-15T15:46:14.268555+00:00 cuota: espera 6 s
2026-09-15T15:46:20.181896+00:00 OK 2026-07-02T0600_ecmwf_ifs025 en 0.3 s; completadas en esta sesión 200
2026-09-15T15:46:22.184401+00:00 cuota: espera 2 s
2026-09-15T15:46:26.361492+00:00 cuota: espera 2 s
2026-09-15T15:46:31.110797+00:00 cuota: espera 3 s
2026-09-15T15:46:36.099210+00:00 cuota: espera 2 s
2026-09-15T15:46:40.851927+00:00 cuota: espera 2 s
2026-09-15T15:46:45.864179+00:00 cuota: espera 2 s
2026-09-15T15:46:50.067159+00:00 cuota: espera 3 s
2026-09-15T15:46:55.183092+00:00 cuota: espera 2 s
2026-09-15T15:46:59.520497+00:00 cuota: espera 1 s
2026-09-15T15:47:03.300225+00:00 cuota: espera 3 s
2026-09-15T15:47:08.527836+00:00 cuota: espera 3 s
2026-09-15T15:47:14.056902+00:00 cuota: espera 2 s
2026-09-15T15:47:18.394618+00:00 cuota: espera 3 s
2026-09-15T15:47:23.352902+00:00 cuota: espera 3 s
2026-09-15T15:47:28.283105+00:00 cuota: espera 2 s
2026-09-15T15:47:35.267428+00:00 cuota: espera 2 s
2026-09-15T15:47:40.143917+00:00 cuota: espera 2 s
2026-09-15T15:47:44.768042+00:00 cuota: espera 2 s
2026-09-15T15:47:49.426708+00:00 cuota: espera 4 s
2026-09-15T15:47:53.498178+00:00 OK 2026-07-07T0600_ecmwf_ifs025 en 0.4 s; completadas en esta sesión 220
2026-09-15T15:47:55.499920+00:00 cuota: espera 2 s
2026-09-15T15:47:59.860439+00:00 cuota: espera 3 s
2026-09-15T15:48:05.540464+00:00 cuota: espera 3 s
2026-09-15T15:48:10.714563+00:00 cuota: espera 1 s
2026-09-15T15:48:14.434861+00:00 cuota: espera 2 s
2026-09-15T15:48:19.264100+00:00 cuota: espera 3 s
2026-09-15T15:48:24.241723+00:00 cuota: espera 2 s
2026-09-15T15:48:28.795923+00:00 cuota: espera 1 s
2026-09-15T15:48:32.362668+00:00 cuota: espera 2 s
2026-09-15T15:48:36.685097+00:00 cuota: espera 3 s
2026-09-15T15:48:41.922606+00:00 cuota: espera 3 s
2026-09-15T15:48:47.029412+00:00 cuota: espera 3 s
2026-09-15T15:48:52.027363+00:00 cuota: espera 135 s
2026-09-15T15:51:09.395920+00:00 cuota: espera 359 s
2026-09-15T15:57:23.956076+00:00 TRANSITORIO 2026-07-11T0000_ecmwf_ifs025 intento 1: status=502 error=HTTP 502 (15.2 s); fallos seguidos=1; espera 33 s
2026-09-15T15:58:03.733715+00:00 TRANSITORIO 2026-07-11T0000_ecmwf_ifs025 intento 2: status=502 error=HTTP 502 (7.1 s); fallos seguidos=2; espera 56 s
2026-09-15T15:59:02.803291+00:00 cuota: espera 63412 s
2026-09-15T16:59:02.814822+00:00 cuota: espera 59812 s
2026-09-15T17:59:02.820765+00:00 cuota: espera 56212 s
2026-09-15T19:19:02.048040+00:00 cuota: espera 51413 s
2026-09-15T20:19:02.167725+00:00 cuota: espera 47813 s
2026-09-15T21:19:02.206153+00:00 cuota: espera 44213 s
2026-09-16T02:09:56.924420+00:00 cuota: espera 26758 s
2026-09-16T17:35:05.301872+00:00 inicio: 604 peticiones en total, 203 pendientes, max 60.0 h, dry_run=False
2026-09-16T17:35:05.756581+00:00 OK 2026-07-11T0000_ecmwf_aifs025_single en 0.5 s (76969 bytes) [medición inicial 1/20]
2026-09-16T17:35:08.225764+00:00 OK 2026-07-11T0600_ecmwf_ifs025 en 0.5 s (76362 bytes) [medición inicial 2/20]
2026-09-16T17:35:10.554350+00:00 OK 2026-07-11T0600_ecmwf_aifs025_single en 0.3 s (76662 bytes) [medición inicial 3/20]
2026-09-16T17:35:13.066031+00:00 OK 2026-07-12T0000_ecmwf_ifs025 en 0.5 s (76397 bytes) [medición inicial 4/20]
2026-09-16T17:35:15.538460+00:00 OK 2026-07-12T0000_ecmwf_aifs025_single en 0.5 s (76921 bytes) [medición inicial 5/20]
2026-09-16T17:35:17.986948+00:00 OK 2026-07-12T0600_ecmwf_ifs025 en 0.4 s (76338 bytes) [medición inicial 6/20]
2026-09-16T17:35:20.296795+00:00 OK 2026-07-12T0600_ecmwf_aifs025_single en 0.3 s (76691 bytes) [medición inicial 7/20]
2026-09-16T17:35:22.785539+00:00 OK 2026-07-13T0000_ecmwf_ifs025 en 0.5 s (76295 bytes) [medición inicial 8/20]
2026-09-16T17:35:25.186018+00:00 OK 2026-07-13T0000_ecmwf_aifs025_single en 0.4 s (76857 bytes) [medición inicial 9/20]
2026-09-16T17:35:27.601203+00:00 OK 2026-07-13T0600_ecmwf_ifs025 en 0.4 s (76279 bytes) [medición inicial 10/20]
2026-09-16T17:35:30.013829+00:00 OK 2026-07-13T0600_ecmwf_aifs025_single en 0.4 s (76680 bytes) [medición inicial 11/20]
2026-09-16T17:35:32.344581+00:00 OK 2026-07-14T0000_ecmwf_ifs025 en 0.3 s (76350 bytes) [medición inicial 12/20]
2026-09-16T17:35:34.860677+00:00 OK 2026-07-14T0000_ecmwf_aifs025_single en 0.5 s (76948 bytes) [medición inicial 13/20]
2026-09-16T17:35:37.384240+00:00 OK 2026-07-14T0600_ecmwf_ifs025 en 0.5 s (76265 bytes) [medición inicial 14/20]
2026-09-16T17:35:39.708345+00:00 OK 2026-07-14T0600_ecmwf_aifs025_single en 0.3 s (76652 bytes) [medición inicial 15/20]
2026-09-16T17:35:42.086441+00:00 OK 2026-07-15T0000_ecmwf_ifs025 en 0.4 s (76249 bytes) [medición inicial 16/20]
2026-09-16T17:35:44.088448+00:00 cuota: espera 23 s
2026-09-16T17:36:07.173024+00:00 OK 2026-07-15T0000_ecmwf_aifs025_single en 0.4 s (76694 bytes) [medición inicial 17/20]
2026-09-16T17:36:09.504245+00:00 OK 2026-07-15T0600_ecmwf_ifs025 en 0.3 s (76100 bytes) [medición inicial 18/20]
2026-09-16T17:36:12.199775+00:00 OK 2026-07-15T0600_ecmwf_aifs025_single en 0.7 s (76359 bytes) [medición inicial 19/20]
2026-09-16T17:36:14.628163+00:00 OK 2026-07-16T0000_ecmwf_ifs025 en 0.4 s (76307 bytes) [medición inicial 20/20]
2026-09-16T17:36:45.229519+00:00 cuota: espera 23 s
2026-09-16T17:37:25.054355+00:00 OK 2026-07-21T0000_ecmwf_ifs025 en 0.4 s; completadas en esta sesión 40
2026-09-16T17:37:46.954500+00:00 cuota: espera 23 s
2026-09-16T17:38:36.572586+00:00 OK 2026-07-26T0000_ecmwf_ifs025 en 0.4 s; completadas en esta sesión 60
2026-09-16T17:38:48.301062+00:00 cuota: espera 23 s
2026-09-16T17:39:47.424435+00:00 OK 2026-07-31T0000_ecmwf_ifs025 en 0.4 s; completadas en esta sesión 80
2026-09-16T17:39:49.426365+00:00 cuota: espera 23 s
2026-09-16T17:40:51.775229+00:00 cuota: espera 22 s
2026-09-16T17:41:21.860135+00:00 OK 2026-08-05T0000_ecmwf_ifs025 en 0.4 s; completadas en esta sesión 100
2026-09-16T17:41:52.386316+00:00 cuota: espera 23 s
2026-09-16T17:42:33.475318+00:00 OK 2026-08-10T0000_ecmwf_ifs025 en 0.6 s; completadas en esta sesión 120
2026-09-16T17:42:55.274735+00:00 cuota: espera 22 s
2026-09-16T17:43:44.152110+00:00 OK 2026-08-15T0000_ecmwf_ifs025 en 0.4 s; completadas en esta sesión 140
2026-09-16T17:43:48.514435+00:00 cuota: espera 3078 s
2026-09-16T18:35:46.326164+00:00 cuota: espera 22 s
2026-09-16T18:36:13.688602+00:00 OK 2026-08-20T0000_ecmwf_ifs025 en 0.6 s; completadas en esta sesión 160
2026-09-16T18:36:48.721359+00:00 cuota: espera 21 s
2026-09-16T18:37:26.104349+00:00 OK 2026-08-25T0000_ecmwf_ifs025 en 0.6 s; completadas en esta sesión 180
2026-09-16T18:37:51.416430+00:00 cuota: espera 20 s
2026-09-16T18:38:37.292294+00:00 OK 2026-08-30T0000_ecmwf_ifs025 en 0.4 s; completadas en esta sesión 200
2026-09-16T18:38:46.784499+00:00 fin de pasada: ok=599/604; ausentes=5
2026-09-16T18:39:03.844312+00:00 inicio: 604 peticiones en total, 5 pendientes, max 1.0 h, dry_run=False
2026-09-16T18:39:04.058674+00:00 UNAVAILABLE 2026-05-12T0600_ecmwf_ifs025: b'Unexpected error while streaming data: modelRunUnavailable(model: App.DomainRegistry.ecmwf_ifs025, run: OmTime.Timestamp(timeIntervalSince1970: 1778565600))'
2026-09-16T18:39:06.211382+00:00 UNAVAILABLE 2026-06-11T0000_ecmwf_ifs025: b'Unexpected error while streaming data: modelRunUnavailable(model: App.DomainRegistry.ecmwf_ifs025, run: OmTime.Timestamp(timeIntervalSince1970: 1781136000))'
2026-09-16T18:39:08.444916+00:00 UNAVAILABLE 2026-06-11T0000_ecmwf_aifs025_single: b'Unexpected error while streaming data: modelRunUnavailable(model: App.DomainRegistry.ecmwf_aifs025_single, run: OmTime.Timestamp(timeIntervalSince1970: 17811360'
2026-09-16T18:39:10.604224+00:00 UNAVAILABLE 2026-06-22T0600_ecmwf_ifs025: b'Unexpected error while streaming data: modelRunUnavailable(model: App.DomainRegistry.ecmwf_ifs025, run: OmTime.Timestamp(timeIntervalSince1970: 1782108000))'
2026-09-16T18:39:12.813090+00:00 UNAVAILABLE 2026-06-22T0600_ecmwf_aifs025_single: b'Unexpected error while streaming data: modelRunUnavailable(model: App.DomainRegistry.ecmwf_aifs025_single, run: OmTime.Timestamp(timeIntervalSince1970: 17821080'
2026-09-16T18:39:14.817476+00:00 fin de pasada: ok=599/604; ausentes=5
